<?xml version="1.0" encoding="ISO-8859-1" ?>
<link_info>
   <banner>TMS320C2000 Linker PC v20.2.1.LTS</banner>
   <copyright>Copyright (c) 1996-2018 Texas Instruments Incorporated</copyright>
   <link_time>0x61a63afa</link_time>
   <link_errors>0x0</link_errors>
   <output_file>sci_ex1_loopback.out</output_file>
   <entry_point>
      <name>code_start</name>
      <address>0x0</address>
   </entry_point>
   <input_file_list>
      <input_file id="fl-2">
         <path>.\</path>
         <kind>object</kind>
         <file>sci_ex1_loopback.obj</file>
         <name>sci_ex1_loopback.obj</name>
      </input_file>
      <input_file id="fl-3">
         <path>.\syscfg\</path>
         <kind>object</kind>
         <file>board.obj</file>
         <name>board.obj</name>
      </input_file>
      <input_file id="fl-4">
         <path>.\device\</path>
         <kind>object</kind>
         <file>device.obj</file>
         <name>device.obj</name>
      </input_file>
      <input_file id="fl-5">
         <path>.\device\</path>
         <kind>object</kind>
         <file>f28004x_codestartbranch.obj</file>
         <name>f28004x_codestartbranch.obj</name>
      </input_file>
      <input_file id="fl-a">
         <kind>object</kind>
         <file>&lt;internal&gt;</file>
         <name>&lt;internal&gt;</name>
      </input_file>
      <input_file id="fl-e">
         <path>D:\ti\c2000\C2000Ware_3_04_00_00\driverlib\f28004x\driverlib\ccs\Debug\</path>
         <kind>archive</kind>
         <file>driverlib_eabi.lib</file>
         <name>gpio.obj</name>
      </input_file>
      <input_file id="fl-f">
         <path>D:\ti\c2000\C2000Ware_3_04_00_00\driverlib\f28004x\driverlib\ccs\Debug\</path>
         <kind>archive</kind>
         <file>driverlib_eabi.lib</file>
         <name>interrupt.obj</name>
      </input_file>
      <input_file id="fl-10">
         <path>D:\ti\c2000\C2000Ware_3_04_00_00\driverlib\f28004x\driverlib\ccs\Debug\</path>
         <kind>archive</kind>
         <file>driverlib_eabi.lib</file>
         <name>sci.obj</name>
      </input_file>
      <input_file id="fl-11">
         <path>D:\ti\c2000\C2000Ware_3_04_00_00\driverlib\f28004x\driverlib\ccs\Debug\</path>
         <kind>archive</kind>
         <file>driverlib_eabi.lib</file>
         <name>sysctl.obj</name>
      </input_file>
      <input_file id="fl-1d">
         <path>D:\ccs\ccs1010\ccs\tools\compiler\ti-cgt-c2000_20.2.1.LTS\lib\</path>
         <kind>archive</kind>
         <file>rts2800_fpu32_eabi.lib</file>
         <name>boot28.asm.obj</name>
      </input_file>
      <input_file id="fl-1e">
         <path>D:\ccs\ccs1010\ccs\tools\compiler\ti-cgt-c2000_20.2.1.LTS\lib\</path>
         <kind>archive</kind>
         <file>rts2800_fpu32_eabi.lib</file>
         <name>fd_cmp28.asm.obj</name>
      </input_file>
      <input_file id="fl-1f">
         <path>D:\ccs\ccs1010\ccs\tools\compiler\ti-cgt-c2000_20.2.1.LTS\lib\</path>
         <kind>archive</kind>
         <file>rts2800_fpu32_eabi.lib</file>
         <name>fs_div28.asm.obj</name>
      </input_file>
      <input_file id="fl-20">
         <path>D:\ccs\ccs1010\ccs\tools\compiler\ti-cgt-c2000_20.2.1.LTS\lib\</path>
         <kind>archive</kind>
         <file>rts2800_fpu32_eabi.lib</file>
         <name>ul_tofd28.asm.obj</name>
      </input_file>
      <input_file id="fl-21">
         <path>D:\ccs\ccs1010\ccs\tools\compiler\ti-cgt-c2000_20.2.1.LTS\lib\</path>
         <kind>archive</kind>
         <file>rts2800_fpu32_eabi.lib</file>
         <name>pre_init.c.obj</name>
      </input_file>
      <input_file id="fl-22">
         <path>D:\ccs\ccs1010\ccs\tools\compiler\ti-cgt-c2000_20.2.1.LTS\lib\</path>
         <kind>archive</kind>
         <file>rts2800_fpu32_eabi.lib</file>
         <name>autoinit.c.obj</name>
      </input_file>
      <input_file id="fl-23">
         <path>D:\ccs\ccs1010\ccs\tools\compiler\ti-cgt-c2000_20.2.1.LTS\lib\</path>
         <kind>archive</kind>
         <file>rts2800_fpu32_eabi.lib</file>
         <name>copy_zero_init.c.obj</name>
      </input_file>
      <input_file id="fl-24">
         <path>D:\ccs\ccs1010\ccs\tools\compiler\ti-cgt-c2000_20.2.1.LTS\lib\</path>
         <kind>archive</kind>
         <file>rts2800_fpu32_eabi.lib</file>
         <name>copy_decompress_none.c.obj</name>
      </input_file>
      <input_file id="fl-25">
         <path>D:\ccs\ccs1010\ccs\tools\compiler\ti-cgt-c2000_20.2.1.LTS\lib\</path>
         <kind>archive</kind>
         <file>rts2800_fpu32_eabi.lib</file>
         <name>copy_decompress_lzss.c.obj</name>
      </input_file>
      <input_file id="fl-26">
         <path>D:\ccs\ccs1010\ccs\tools\compiler\ti-cgt-c2000_20.2.1.LTS\lib\</path>
         <kind>archive</kind>
         <file>rts2800_fpu32_eabi.lib</file>
         <name>exit.c.obj</name>
      </input_file>
      <input_file id="fl-27">
         <path>D:\ccs\ccs1010\ccs\tools\compiler\ti-cgt-c2000_20.2.1.LTS\lib\</path>
         <kind>archive</kind>
         <file>rts2800_fpu32_eabi.lib</file>
         <name>_lock.c.obj</name>
      </input_file>
      <input_file id="fl-28">
         <path>D:\ccs\ccs1010\ccs\tools\compiler\ti-cgt-c2000_20.2.1.LTS\lib\</path>
         <kind>archive</kind>
         <file>rts2800_fpu32_eabi.lib</file>
         <name>args_main.c.obj</name>
      </input_file>
      <input_file id="fl-29">
         <path>D:\ccs\ccs1010\ccs\tools\compiler\ti-cgt-c2000_20.2.1.LTS\lib\</path>
         <kind>archive</kind>
         <file>rts2800_fpu32_eabi.lib</file>
         <name>memset.c.obj</name>
      </input_file>
      <input_file id="fl-2a">
         <path>D:\ccs\ccs1010\ccs\tools\compiler\ti-cgt-c2000_20.2.1.LTS\lib\</path>
         <kind>archive</kind>
         <file>rts2800_fpu32_eabi.lib</file>
         <name>cpy_tbl.c.obj</name>
      </input_file>
      <input_file id="fl-2b">
         <path>D:\ccs\ccs1010\ccs\tools\compiler\ti-cgt-c2000_20.2.1.LTS\lib\</path>
         <kind>archive</kind>
         <file>rts2800_fpu32_eabi.lib</file>
         <name>memcpy.c.obj</name>
      </input_file>
      <input_file id="fl-2c">
         <path>D:\ccs\ccs1010\ccs\tools\compiler\ti-cgt-c2000_20.2.1.LTS\lib\</path>
         <kind>archive</kind>
         <file>rts2800_fpu32_eabi.lib</file>
         <name>startup.c.obj</name>
      </input_file>
   </input_file_list>
   <object_component_list>
      <object_component id="oc-20">
         <name>codestart</name>
         <load_address>0x0</load_address>
         <run_address>0x0</run_address>
         <size>0x2</size>
         <input_file_ref idref="fl-5"/>
      </object_component>
      <object_component id="oc-12c">
         <name>.TI.ramfunc</name>
         <load_address>0xf4</load_address>
         <run_address>0xf4</run_address>
         <size>0x4</size>
         <input_file_ref idref="fl-11"/>
      </object_component>
      <object_component id="oc-d3">
         <name>.text</name>
         <load_address>0x8000</load_address>
         <run_address>0x8000</run_address>
         <size>0x1b5</size>
         <input_file_ref idref="fl-4"/>
      </object_component>
      <object_component id="oc-aa">
         <name>.text</name>
         <load_address>0x81b5</load_address>
         <run_address>0x81b5</run_address>
         <size>0x16f</size>
         <input_file_ref idref="fl-2"/>
      </object_component>
      <object_component id="oc-12d">
         <name>.text:SysCtl_setClock</name>
         <load_address>0x8324</load_address>
         <run_address>0x8324</run_address>
         <size>0xb6</size>
         <input_file_ref idref="fl-11"/>
      </object_component>
      <object_component id="oc-1b6">
         <name>.text:SysCtl_isPLLValid</name>
         <load_address>0x83da</load_address>
         <run_address>0x83da</run_address>
         <size>0xb2</size>
         <input_file_ref idref="fl-11"/>
      </object_component>
      <object_component id="oc-218">
         <name>.text:DCC_setCounterSeeds</name>
         <load_address>0x848c</load_address>
         <run_address>0x848c</run_address>
         <size>0x7a</size>
         <input_file_ref idref="fl-11"/>
      </object_component>
      <object_component id="oc-1b0">
         <name>.text:SysCtl_selectOscSource</name>
         <load_address>0x8506</load_address>
         <run_address>0x8506</run_address>
         <size>0x5b</size>
         <input_file_ref idref="fl-11"/>
      </object_component>
      <object_component id="oc-f7">
         <name>.text:GPIO_setPadConfig</name>
         <load_address>0x8561</load_address>
         <run_address>0x8561</run_address>
         <size>0x52</size>
         <input_file_ref idref="fl-e"/>
      </object_component>
      <object_component id="oc-133">
         <name>.text:SysCtl_getClock</name>
         <load_address>0x85b3</load_address>
         <run_address>0x85b3</run_address>
         <size>0x51</size>
         <input_file_ref idref="fl-11"/>
      </object_component>
      <object_component id="oc-109">
         <name>.text:SCI_clearInterruptStatus</name>
         <load_address>0x8604</load_address>
         <run_address>0x8604</run_address>
         <size>0x46</size>
         <input_file_ref idref="fl-10"/>
      </object_component>
      <object_component id="oc-103">
         <name>.text:SCI_setConfig</name>
         <load_address>0x864a</load_address>
         <run_address>0x864a</run_address>
         <size>0x3e</size>
         <input_file_ref idref="fl-10"/>
      </object_component>
      <object_component id="oc-d9">
         <name>.text:Interrupt_initModule</name>
         <load_address>0x8688</load_address>
         <run_address>0x8688</run_address>
         <size>0x3d</size>
         <input_file_ref idref="fl-f"/>
      </object_component>
      <object_component id="oc-14b">
         <name>.text:GPIO_setAnalogMode</name>
         <load_address>0x86c5</load_address>
         <run_address>0x86c5</run_address>
         <size>0x3b</size>
         <input_file_ref idref="fl-e"/>
      </object_component>
      <object_component id="oc-e5">
         <name>.text:GPIO_setMasterCore</name>
         <load_address>0x8700</load_address>
         <run_address>0x8700</run_address>
         <size>0x38</size>
         <input_file_ref idref="fl-e"/>
      </object_component>
      <object_component id="oc-fd">
         <name>.text:GPIO_setQualificationMode</name>
         <load_address>0x8738</load_address>
         <run_address>0x8738</run_address>
         <size>0x38</size>
         <input_file_ref idref="fl-e"/>
      </object_component>
      <object_component id="oc-eb">
         <name>.text:GPIO_setPinConfig</name>
         <load_address>0x8770</load_address>
         <run_address>0x8770</run_address>
         <size>0x37</size>
         <input_file_ref idref="fl-e"/>
      </object_component>
      <object_component id="oc-f1">
         <name>.text:GPIO_setDirectionMode</name>
         <load_address>0x87a7</load_address>
         <run_address>0x87a7</run_address>
         <size>0x31</size>
         <input_file_ref idref="fl-e"/>
      </object_component>
      <object_component id="oc-23a">
         <name>.text:SysCtl_pollX1Counter</name>
         <load_address>0x87d8</load_address>
         <run_address>0x87d8</run_address>
         <size>0x26</size>
         <input_file_ref idref="fl-11"/>
      </object_component>
      <object_component id="oc-167">
         <name>.text:Interrupt_illegalOperationHandler</name>
         <load_address>0x87fe</load_address>
         <run_address>0x87fe</run_address>
         <size>0x2</size>
         <input_file_ref idref="fl-f"/>
      </object_component>
      <object_component id="oc-13">
         <name>.text:decompress:lzss</name>
         <load_address>0x8800</load_address>
         <run_address>0x8800</run_address>
         <size>0x31</size>
         <input_file_ref idref="fl-25"/>
      </object_component>
      <object_component id="oc-7a">
         <name>.text:__TI_auto_init_nobinit_nopinit</name>
         <load_address>0x8831</load_address>
         <run_address>0x8831</run_address>
         <size>0x2b</size>
         <input_file_ref idref="fl-22"/>
      </object_component>
      <object_component id="oc-13f">
         <name>.text</name>
         <load_address>0x885c</load_address>
         <run_address>0x885c</run_address>
         <size>0x2a</size>
         <input_file_ref idref="fl-1e"/>
      </object_component>
      <object_component id="oc-6e">
         <name>.text</name>
         <load_address>0x8886</load_address>
         <run_address>0x8886</run_address>
         <size>0x29</size>
         <input_file_ref idref="fl-26"/>
      </object_component>
      <object_component id="oc-21e">
         <name>.text:DCC_enableSingleShotMode</name>
         <load_address>0x88af</load_address>
         <run_address>0x88af</run_address>
         <size>0x25</size>
         <input_file_ref idref="fl-11"/>
      </object_component>
      <object_component id="oc-1db">
         <name>.text:SysCtl_selectXTAL</name>
         <load_address>0x88d4</load_address>
         <run_address>0x88d4</run_address>
         <size>0x24</size>
         <input_file_ref idref="fl-11"/>
      </object_component>
      <object_component id="oc-df">
         <name>.text:Interrupt_initVectorTable</name>
         <load_address>0x88f8</load_address>
         <run_address>0x88f8</run_address>
         <size>0x20</size>
         <input_file_ref idref="fl-f"/>
      </object_component>
      <object_component id="oc-212">
         <name>.text:DCC_setCounter1ClkSource</name>
         <load_address>0x8918</load_address>
         <run_address>0x8918</run_address>
         <size>0x1f</size>
         <input_file_ref idref="fl-11"/>
      </object_component>
      <object_component id="oc-20c">
         <name>.text:DCC_setCounter0ClkSource</name>
         <load_address>0x8937</load_address>
         <run_address>0x8937</run_address>
         <size>0x1d</size>
         <input_file_ref idref="fl-11"/>
      </object_component>
      <object_component id="oc-28">
         <name>.text</name>
         <load_address>0x8954</load_address>
         <run_address>0x8954</run_address>
         <size>0x1d</size>
         <input_file_ref idref="fl-2b"/>
      </object_component>
      <object_component id="oc-145">
         <name>.text:SysCtl_getLowSpeedClock</name>
         <load_address>0x8971</load_address>
         <run_address>0x8971</run_address>
         <size>0x1a</size>
         <input_file_ref idref="fl-11"/>
      </object_component>
      <object_component id="oc-1e1">
         <name>.text:SysCtl_selectXTALSingleEnded</name>
         <load_address>0x898b</load_address>
         <run_address>0x898b</run_address>
         <size>0x1a</size>
         <input_file_ref idref="fl-11"/>
      </object_component>
      <object_component id="oc-182">
         <name>.text:SCI_disableModule</name>
         <load_address>0x89a5</load_address>
         <run_address>0x89a5</run_address>
         <size>0x19</size>
         <input_file_ref idref="fl-10"/>
      </object_component>
      <object_component id="oc-190">
         <name>.text:SCI_performSoftwareReset</name>
         <load_address>0x89be</load_address>
         <run_address>0x89be</run_address>
         <size>0x19</size>
         <input_file_ref idref="fl-10"/>
      </object_component>
      <object_component id="oc-206">
         <name>.text:DCC_disableDoneSignal</name>
         <load_address>0x89d7</load_address>
         <run_address>0x89d7</run_address>
         <size>0x17</size>
         <input_file_ref idref="fl-11"/>
      </object_component>
      <object_component id="oc-22a">
         <name>.text:DCC_enableDoneSignal</name>
         <load_address>0x89ee</load_address>
         <run_address>0x89ee</run_address>
         <size>0x17</size>
         <input_file_ref idref="fl-11"/>
      </object_component>
      <object_component id="oc-1e8">
         <name>.text:SysCtl_enablePeripheral</name>
         <load_address>0x8a05</load_address>
         <run_address>0x8a05</run_address>
         <size>0x17</size>
         <input_file_ref idref="fl-11"/>
      </object_component>
      <object_component id="oc-53">
         <name>.text</name>
         <load_address>0x8a1c</load_address>
         <run_address>0x8a1c</run_address>
         <size>0x17</size>
         <input_file_ref idref="fl-1d"/>
      </object_component>
      <object_component id="oc-1f4">
         <name>.text:DCC_clearDoneFlag</name>
         <load_address>0x8a33</load_address>
         <run_address>0x8a33</run_address>
         <size>0x16</size>
         <input_file_ref idref="fl-11"/>
      </object_component>
      <object_component id="oc-1ee">
         <name>.text:DCC_clearErrorFlag</name>
         <load_address>0x8a49</load_address>
         <run_address>0x8a49</run_address>
         <size>0x16</size>
         <input_file_ref idref="fl-11"/>
      </object_component>
      <object_component id="oc-200">
         <name>.text:DCC_disableErrorSignal</name>
         <load_address>0x8a5f</load_address>
         <run_address>0x8a5f</run_address>
         <size>0x16</size>
         <input_file_ref idref="fl-11"/>
      </object_component>
      <object_component id="oc-224">
         <name>.text:DCC_enableErrorSignal</name>
         <load_address>0x8a75</load_address>
         <run_address>0x8a75</run_address>
         <size>0x16</size>
         <input_file_ref idref="fl-11"/>
      </object_component>
      <object_component id="oc-139">
         <name>.text</name>
         <load_address>0x8a8b</load_address>
         <run_address>0x8a8b</run_address>
         <size>0x16</size>
         <input_file_ref idref="fl-20"/>
      </object_component>
      <object_component id="oc-17b">
         <name>.text:SCI_isBaseValid</name>
         <load_address>0x8aa1</load_address>
         <run_address>0x8aa1</run_address>
         <size>0x15</size>
         <input_file_ref idref="fl-10"/>
      </object_component>
      <object_component id="oc-1fa">
         <name>.text:DCC_disableModule</name>
         <load_address>0x8ab6</load_address>
         <run_address>0x8ab6</run_address>
         <size>0x14</size>
         <input_file_ref idref="fl-11"/>
      </object_component>
      <object_component id="oc-230">
         <name>.text:DCC_enableModule</name>
         <load_address>0x8aca</load_address>
         <run_address>0x8aca</run_address>
         <size>0x14</size>
         <input_file_ref idref="fl-11"/>
      </object_component>
      <object_component id="oc-16e">
         <name>.text:GPIO_isPinValid</name>
         <load_address>0x8ade</load_address>
         <run_address>0x8ade</run_address>
         <size>0x14</size>
         <input_file_ref idref="fl-e"/>
      </object_component>
      <object_component id="oc-188">
         <name>.text:SCI_enableModule</name>
         <load_address>0x8af2</load_address>
         <run_address>0x8af2</run_address>
         <size>0x14</size>
         <input_file_ref idref="fl-10"/>
      </object_component>
      <object_component id="oc-249">
         <name>.text:DCC_isBaseValid</name>
         <load_address>0x8b06</load_address>
         <run_address>0x8b06</run_address>
         <size>0x10</size>
         <input_file_ref idref="fl-11"/>
      </object_component>
      <object_component id="oc-15b">
         <name>.text:Interrupt_defaultHandler</name>
         <load_address>0x8b16</load_address>
         <run_address>0x8b16</run_address>
         <size>0xe</size>
         <input_file_ref idref="fl-f"/>
      </object_component>
      <object_component id="oc-153">
         <name>.text:Interrupt_disableMaster</name>
         <load_address>0x8b24</load_address>
         <run_address>0x8b24</run_address>
         <size>0xd</size>
         <input_file_ref idref="fl-f"/>
      </object_component>
      <object_component id="oc-30">
         <name>.text:decompress:ZI:__TI_zero_init_nomemset</name>
         <load_address>0x8b31</load_address>
         <run_address>0x8b31</run_address>
         <size>0xd</size>
         <input_file_ref idref="fl-23"/>
      </object_component>
      <object_component id="oc-68">
         <name>.text</name>
         <load_address>0x8b3e</load_address>
         <run_address>0x8b3e</run_address>
         <size>0xc</size>
         <input_file_ref idref="fl-28"/>
      </object_component>
      <object_component id="oc-1aa">
         <name>.text:SysCtl_isMCDClockFailureDetected</name>
         <load_address>0x8b4a</load_address>
         <run_address>0x8b4a</run_address>
         <size>0xb</size>
         <input_file_ref idref="fl-11"/>
      </object_component>
      <object_component id="oc-119">
         <name>.text</name>
         <load_address>0x8b55</load_address>
         <run_address>0x8b55</run_address>
         <size>0x9</size>
         <input_file_ref idref="fl-27"/>
      </object_component>
      <object_component id="oc-19">
         <name>.text:decompress:none</name>
         <load_address>0x8b5e</load_address>
         <run_address>0x8b5e</run_address>
         <size>0x8</size>
         <input_file_ref idref="fl-24"/>
      </object_component>
      <object_component id="oc-3c">
         <name>.text</name>
         <load_address>0x8b66</load_address>
         <run_address>0x8b66</run_address>
         <size>0x8</size>
         <input_file_ref idref="fl-5"/>
      </object_component>
      <object_component id="oc-240">
         <name>.text:SysCtl_resetMCD</name>
         <load_address>0x8b6e</load_address>
         <run_address>0x8b6e</run_address>
         <size>0x7</size>
         <input_file_ref idref="fl-11"/>
      </object_component>
      <object_component id="oc-161">
         <name>.text:Interrupt_nmiHandler</name>
         <load_address>0x8b75</load_address>
         <run_address>0x8b75</run_address>
         <size>0x2</size>
         <input_file_ref idref="fl-f"/>
      </object_component>
      <object_component id="oc-61">
         <name>.text</name>
         <load_address>0x8b77</load_address>
         <run_address>0x8b77</run_address>
         <size>0x2</size>
         <input_file_ref idref="fl-21"/>
      </object_component>
      <object_component id="oc-bd">
         <name>.text</name>
         <load_address>0x8b79</load_address>
         <run_address>0x8b79</run_address>
         <size>0x1</size>
         <input_file_ref idref="fl-2c"/>
      </object_component>
      <object_component id="oc-287">
         <name>.cinit..data.load</name>
         <load_address>0xf8</load_address>
         <run_address>0xf8</run_address>
         <size>0x8</size>
      </object_component>
      <object_component id="oc-284">
         <name>__TI_handler_table</name>
         <load_address>0x100</load_address>
         <run_address>0x100</run_address>
         <size>0x6</size>
      </object_component>
      <object_component id="oc-286">
         <name>.cinit..bss.load</name>
         <load_address>0x106</load_address>
         <run_address>0x106</run_address>
         <size>0x4</size>
      </object_component>
      <object_component id="oc-285">
         <name>__TI_cinit_table</name>
         <load_address>0x10c</load_address>
         <run_address>0x10c</run_address>
         <size>0x8</size>
      </object_component>
      <object_component id="oc-25">
         <name>.stack</name>
         <uninitialized>true</uninitialized>
         <run_address>0x400</run_address>
         <size>0x0</size>
         <input_file_ref idref="fl-1d"/>
      </object_component>
      <object_component id="oc-288">
         <name>.stack</name>
         <uninitialized>true</uninitialized>
         <run_address>0x400</run_address>
         <size>0x0</size>
      </object_component>
      <object_component id="oc-10f">
         <name>.bss</name>
         <uninitialized>true</uninitialized>
         <run_address>0xab36</run_address>
         <size>0x4</size>
         <input_file_ref idref="fl-2"/>
      </object_component>
      <object_component id="oc-174">
         <name>.const:.string</name>
         <load_address>0xa800</load_address>
         <run_address>0xa800</run_address>
         <size>0xef</size>
         <input_file_ref idref="fl-e"/>
      </object_component>
      <object_component id="oc-1a9">
         <name>.const:.string</name>
         <load_address>0xa8f0</load_address>
         <run_address>0xa8f0</run_address>
         <size>0xef</size>
         <input_file_ref idref="fl-11"/>
      </object_component>
      <object_component id="oc-181">
         <name>.const:.string</name>
         <load_address>0xa9e0</load_address>
         <run_address>0xa9e0</run_address>
         <size>0xec</size>
         <input_file_ref idref="fl-10"/>
      </object_component>
      <object_component id="oc-d2">
         <name>.const:.string</name>
         <load_address>0xaacc</load_address>
         <run_address>0xaacc</run_address>
         <size>0x43</size>
         <input_file_ref idref="fl-2"/>
      </object_component>
      <object_component id="oc-144">
         <name>.const:.string</name>
         <load_address>0xab10</load_address>
         <run_address>0xab10</run_address>
         <size>0x13</size>
         <input_file_ref idref="fl-4"/>
      </object_component>
      <object_component id="oc-13e">
         <name>.const</name>
         <load_address>0xab24</load_address>
         <run_address>0xab24</run_address>
         <size>0x8</size>
         <input_file_ref idref="fl-4"/>
      </object_component>
      <object_component id="oc-b2">
         <name>.data</name>
         <load_address>0xab2c</load_address>
         <run_address>0xab2c</run_address>
         <size>0x6</size>
         <input_file_ref idref="fl-26"/>
      </object_component>
      <object_component id="oc-b5">
         <name>.data:_lock</name>
         <load_address>0xab32</load_address>
         <run_address>0xab32</run_address>
         <size>0x2</size>
         <input_file_ref idref="fl-27"/>
      </object_component>
      <object_component id="oc-19c">
         <name>.data:_unlock</name>
         <load_address>0xab34</load_address>
         <run_address>0xab34</run_address>
         <size>0x2</size>
         <input_file_ref idref="fl-27"/>
      </object_component>
      <object_component id="oc-113">
         <name>.debug_types</name>
         <load_address>0x0</load_address>
         <run_address>0x0</run_address>
         <size>0x770</size>
         <input_file_ref idref="fl-2"/>
      </object_component>
      <object_component id="oc-152">
         <name>.debug_types</name>
         <load_address>0x770</load_address>
         <run_address>0x770</run_address>
         <size>0xa90</size>
         <input_file_ref idref="fl-4"/>
      </object_component>
      <object_component id="oc-176">
         <name>.debug_types</name>
         <load_address>0x1200</load_address>
         <run_address>0x1200</run_address>
         <size>0x2bd</size>
         <input_file_ref idref="fl-e"/>
      </object_component>
      <object_component id="oc-15a">
         <name>.debug_types</name>
         <load_address>0x0</load_address>
         <run_address>0x0</run_address>
         <size>0x0</size>
         <input_file_ref idref="fl-f"/>
      </object_component>
      <object_component id="oc-18f">
         <name>.debug_types</name>
         <load_address>0x14bd</load_address>
         <run_address>0x14bd</run_address>
         <size>0x284</size>
         <input_file_ref idref="fl-10"/>
      </object_component>
      <object_component id="oc-1bd">
         <name>.debug_types</name>
         <load_address>0x1741</load_address>
         <run_address>0x1741</run_address>
         <size>0x34b</size>
         <input_file_ref idref="fl-11"/>
      </object_component>
      <object_component id="oc-79">
         <name>.debug_types</name>
         <load_address>0x0</load_address>
         <run_address>0x0</run_address>
         <size>0x0</size>
         <input_file_ref idref="fl-21"/>
      </object_component>
      <object_component id="oc-c4">
         <name>.debug_types</name>
         <load_address>0x1a8c</load_address>
         <run_address>0x1a8c</run_address>
         <size>0x517</size>
         <input_file_ref idref="fl-22"/>
      </object_component>
      <object_component id="oc-4b">
         <name>.debug_types</name>
         <load_address>0x1fa3</load_address>
         <run_address>0x1fa3</run_address>
         <size>0x1f3</size>
         <input_file_ref idref="fl-23"/>
      </object_component>
      <object_component id="oc-2f">
         <name>.debug_types</name>
         <load_address>0x0</load_address>
         <run_address>0x0</run_address>
         <size>0x0</size>
         <input_file_ref idref="fl-24"/>
      </object_component>
      <object_component id="oc-27">
         <name>.debug_types</name>
         <load_address>0x2196</load_address>
         <run_address>0x2196</run_address>
         <size>0x191</size>
         <input_file_ref idref="fl-25"/>
      </object_component>
      <object_component id="oc-b9">
         <name>.debug_types</name>
         <load_address>0x2327</load_address>
         <run_address>0x2327</run_address>
         <size>0xbf</size>
         <input_file_ref idref="fl-26"/>
      </object_component>
      <object_component id="oc-121">
         <name>.debug_types</name>
         <load_address>0x23e6</load_address>
         <run_address>0x23e6</run_address>
         <size>0x2f</size>
         <input_file_ref idref="fl-27"/>
      </object_component>
      <object_component id="oc-b1">
         <name>.debug_types</name>
         <load_address>0x2415</load_address>
         <run_address>0x2415</run_address>
         <size>0xe1</size>
         <input_file_ref idref="fl-28"/>
      </object_component>
      <object_component id="oc-46">
         <name>.debug_types</name>
         <load_address>0x24f6</load_address>
         <run_address>0x24f6</run_address>
         <size>0xb8</size>
         <input_file_ref idref="fl-2b"/>
      </object_component>
      <object_component id="oc-126">
         <name>.debug_types</name>
         <load_address>0x0</load_address>
         <run_address>0x0</run_address>
         <size>0x0</size>
         <input_file_ref idref="fl-2c"/>
      </object_component>
      <object_component id="oc-110">
         <name>.debug_info</name>
         <load_address>0x0</load_address>
         <run_address>0x0</run_address>
         <size>0x15c</size>
         <input_file_ref idref="fl-2"/>
      </object_component>
      <object_component id="oc-ac">
         <name>.debug_info</name>
         <load_address>0x15c</load_address>
         <run_address>0x15c</run_address>
         <size>0xb76</size>
         <input_file_ref idref="fl-2"/>
      </object_component>
      <object_component id="oc-d6">
         <name>.debug_info</name>
         <load_address>0xcd2</load_address>
         <run_address>0xcd2</run_address>
         <size>0xf58</size>
         <input_file_ref idref="fl-4"/>
      </object_component>
      <object_component id="oc-22">
         <name>.debug_info</name>
         <load_address>0x1c2a</load_address>
         <run_address>0x1c2a</run_address>
         <size>0x102</size>
         <input_file_ref idref="fl-5"/>
      </object_component>
      <object_component id="oc-3e">
         <name>.debug_info</name>
         <load_address>0x1d2c</load_address>
         <run_address>0x1d2c</run_address>
         <size>0x103</size>
         <input_file_ref idref="fl-5"/>
      </object_component>
      <object_component id="oc-16f">
         <name>.debug_info</name>
         <load_address>0x1e2f</load_address>
         <run_address>0x1e2f</run_address>
         <size>0x250</size>
         <input_file_ref idref="fl-e"/>
      </object_component>
      <object_component id="oc-f2">
         <name>.debug_info</name>
         <load_address>0x207f</load_address>
         <run_address>0x207f</run_address>
         <size>0x2c8</size>
         <input_file_ref idref="fl-e"/>
      </object_component>
      <object_component id="oc-f8">
         <name>.debug_info</name>
         <load_address>0x2347</load_address>
         <run_address>0x2347</run_address>
         <size>0x2b1</size>
         <input_file_ref idref="fl-e"/>
      </object_component>
      <object_component id="oc-fe">
         <name>.debug_info</name>
         <load_address>0x25f8</load_address>
         <run_address>0x25f8</run_address>
         <size>0x2f9</size>
         <input_file_ref idref="fl-e"/>
      </object_component>
      <object_component id="oc-e8">
         <name>.debug_info</name>
         <load_address>0x28f1</load_address>
         <run_address>0x28f1</run_address>
         <size>0x2d9</size>
         <input_file_ref idref="fl-e"/>
      </object_component>
      <object_component id="oc-14c">
         <name>.debug_info</name>
         <load_address>0x2bca</load_address>
         <run_address>0x2bca</run_address>
         <size>0x2ad</size>
         <input_file_ref idref="fl-e"/>
      </object_component>
      <object_component id="oc-ed">
         <name>.debug_info</name>
         <load_address>0x2e77</load_address>
         <run_address>0x2e77</run_address>
         <size>0x29a</size>
         <input_file_ref idref="fl-e"/>
      </object_component>
      <object_component id="oc-154">
         <name>.debug_info</name>
         <load_address>0x3111</load_address>
         <run_address>0x3111</run_address>
         <size>0x24d</size>
         <input_file_ref idref="fl-f"/>
      </object_component>
      <object_component id="oc-15c">
         <name>.debug_info</name>
         <load_address>0x335e</load_address>
         <run_address>0x335e</run_address>
         <size>0x267</size>
         <input_file_ref idref="fl-f"/>
      </object_component>
      <object_component id="oc-168">
         <name>.debug_info</name>
         <load_address>0x35c5</load_address>
         <run_address>0x35c5</run_address>
         <size>0x24d</size>
         <input_file_ref idref="fl-f"/>
      </object_component>
      <object_component id="oc-162">
         <name>.debug_info</name>
         <load_address>0x3812</load_address>
         <run_address>0x3812</run_address>
         <size>0x233</size>
         <input_file_ref idref="fl-f"/>
      </object_component>
      <object_component id="oc-dc">
         <name>.debug_info</name>
         <load_address>0x3a45</load_address>
         <run_address>0x3a45</run_address>
         <size>0x25a</size>
         <input_file_ref idref="fl-f"/>
      </object_component>
      <object_component id="oc-e0">
         <name>.debug_info</name>
         <load_address>0x3c9f</load_address>
         <run_address>0x3c9f</run_address>
         <size>0x255</size>
         <input_file_ref idref="fl-f"/>
      </object_component>
      <object_component id="oc-17e">
         <name>.debug_info</name>
         <load_address>0x3ef4</load_address>
         <run_address>0x3ef4</run_address>
         <size>0x250</size>
         <input_file_ref idref="fl-10"/>
      </object_component>
      <object_component id="oc-18b">
         <name>.debug_info</name>
         <load_address>0x4144</load_address>
         <run_address>0x4144</run_address>
         <size>0x270</size>
         <input_file_ref idref="fl-10"/>
      </object_component>
      <object_component id="oc-183">
         <name>.debug_info</name>
         <load_address>0x43b4</load_address>
         <run_address>0x43b4</run_address>
         <size>0x272</size>
         <input_file_ref idref="fl-10"/>
      </object_component>
      <object_component id="oc-191">
         <name>.debug_info</name>
         <load_address>0x4626</load_address>
         <run_address>0x4626</run_address>
         <size>0x280</size>
         <input_file_ref idref="fl-10"/>
      </object_component>
      <object_component id="oc-104">
         <name>.debug_info</name>
         <load_address>0x48a6</load_address>
         <run_address>0x48a6</run_address>
         <size>0x300</size>
         <input_file_ref idref="fl-10"/>
      </object_component>
      <object_component id="oc-10a">
         <name>.debug_info</name>
         <load_address>0x4ba6</load_address>
         <run_address>0x4ba6</run_address>
         <size>0x2b3</size>
         <input_file_ref idref="fl-10"/>
      </object_component>
      <object_component id="oc-1e9">
         <name>.debug_info</name>
         <load_address>0x4e59</load_address>
         <run_address>0x4e59</run_address>
         <size>0x296</size>
         <input_file_ref idref="fl-11"/>
      </object_component>
      <object_component id="oc-1ab">
         <name>.debug_info</name>
         <load_address>0x50ef</load_address>
         <run_address>0x50ef</run_address>
         <size>0x259</size>
         <input_file_ref idref="fl-11"/>
      </object_component>
      <object_component id="oc-242">
         <name>.debug_info</name>
         <load_address>0x5348</load_address>
         <run_address>0x5348</run_address>
         <size>0x22f</size>
         <input_file_ref idref="fl-11"/>
      </object_component>
      <object_component id="oc-24a">
         <name>.debug_info</name>
         <load_address>0x5577</load_address>
         <run_address>0x5577</run_address>
         <size>0x253</size>
         <input_file_ref idref="fl-11"/>
      </object_component>
      <object_component id="oc-231">
         <name>.debug_info</name>
         <load_address>0x57ca</load_address>
         <run_address>0x57ca</run_address>
         <size>0x271</size>
         <input_file_ref idref="fl-11"/>
      </object_component>
      <object_component id="oc-1fc">
         <name>.debug_info</name>
         <load_address>0x5a3b</load_address>
         <run_address>0x5a3b</run_address>
         <size>0x273</size>
         <input_file_ref idref="fl-11"/>
      </object_component>
      <object_component id="oc-225">
         <name>.debug_info</name>
         <load_address>0x5cae</load_address>
         <run_address>0x5cae</run_address>
         <size>0x27d</size>
         <input_file_ref idref="fl-11"/>
      </object_component>
      <object_component id="oc-22b">
         <name>.debug_info</name>
         <load_address>0x5f2b</load_address>
         <run_address>0x5f2b</run_address>
         <size>0x27b</size>
         <input_file_ref idref="fl-11"/>
      </object_component>
      <object_component id="oc-202">
         <name>.debug_info</name>
         <load_address>0x61a6</load_address>
         <run_address>0x61a6</run_address>
         <size>0x27f</size>
         <input_file_ref idref="fl-11"/>
      </object_component>
      <object_component id="oc-207">
         <name>.debug_info</name>
         <load_address>0x6425</load_address>
         <run_address>0x6425</run_address>
         <size>0x27d</size>
         <input_file_ref idref="fl-11"/>
      </object_component>
      <object_component id="oc-21f">
         <name>.debug_info</name>
         <load_address>0x66a2</load_address>
         <run_address>0x66a2</run_address>
         <size>0x2a4</size>
         <input_file_ref idref="fl-11"/>
      </object_component>
      <object_component id="oc-1f0">
         <name>.debug_info</name>
         <load_address>0x6946</load_address>
         <run_address>0x6946</run_address>
         <size>0x277</size>
         <input_file_ref idref="fl-11"/>
      </object_component>
      <object_component id="oc-1f6">
         <name>.debug_info</name>
         <load_address>0x6bbd</load_address>
         <run_address>0x6bbd</run_address>
         <size>0x275</size>
         <input_file_ref idref="fl-11"/>
      </object_component>
      <object_component id="oc-214">
         <name>.debug_info</name>
         <load_address>0x6e32</load_address>
         <run_address>0x6e32</run_address>
         <size>0x2a8</size>
         <input_file_ref idref="fl-11"/>
      </object_component>
      <object_component id="oc-20d">
         <name>.debug_info</name>
         <load_address>0x70da</load_address>
         <run_address>0x70da</run_address>
         <size>0x2a8</size>
         <input_file_ref idref="fl-11"/>
      </object_component>
      <object_component id="oc-219">
         <name>.debug_info</name>
         <load_address>0x7382</load_address>
         <run_address>0x7382</run_address>
         <size>0x317</size>
         <input_file_ref idref="fl-11"/>
      </object_component>
      <object_component id="oc-23b">
         <name>.debug_info</name>
         <load_address>0x7699</load_address>
         <run_address>0x7699</run_address>
         <size>0x25f</size>
         <input_file_ref idref="fl-11"/>
      </object_component>
      <object_component id="oc-135">
         <name>.debug_info</name>
         <load_address>0x78f8</load_address>
         <run_address>0x78f8</run_address>
         <size>0x2c2</size>
         <input_file_ref idref="fl-11"/>
      </object_component>
      <object_component id="oc-12e">
         <name>.debug_info</name>
         <load_address>0x7bba</load_address>
         <run_address>0x7bba</run_address>
         <size>0x39c</size>
         <input_file_ref idref="fl-11"/>
      </object_component>
      <object_component id="oc-1dc">
         <name>.debug_info</name>
         <load_address>0x7f56</load_address>
         <run_address>0x7f56</run_address>
         <size>0x2a2</size>
         <input_file_ref idref="fl-11"/>
      </object_component>
      <object_component id="oc-1e3">
         <name>.debug_info</name>
         <load_address>0x81f8</load_address>
         <run_address>0x81f8</run_address>
         <size>0x289</size>
         <input_file_ref idref="fl-11"/>
      </object_component>
      <object_component id="oc-1b2">
         <name>.debug_info</name>
         <load_address>0x8481</load_address>
         <run_address>0x8481</run_address>
         <size>0x2b0</size>
         <input_file_ref idref="fl-11"/>
      </object_component>
      <object_component id="oc-147">
         <name>.debug_info</name>
         <load_address>0x8731</load_address>
         <run_address>0x8731</run_address>
         <size>0x29c</size>
         <input_file_ref idref="fl-11"/>
      </object_component>
      <object_component id="oc-1b7">
         <name>.debug_info</name>
         <load_address>0x89cd</load_address>
         <run_address>0x89cd</run_address>
         <size>0x49b</size>
         <input_file_ref idref="fl-11"/>
      </object_component>
      <object_component id="oc-56">
         <name>.debug_info</name>
         <load_address>0x8e68</load_address>
         <run_address>0x8e68</run_address>
         <size>0x158</size>
         <input_file_ref idref="fl-1d"/>
      </object_component>
      <object_component id="oc-142">
         <name>.debug_info</name>
         <load_address>0x8fc0</load_address>
         <run_address>0x8fc0</run_address>
         <size>0x131</size>
         <input_file_ref idref="fl-1e"/>
      </object_component>
      <object_component id="oc-13c">
         <name>.debug_info</name>
         <load_address>0x90f1</load_address>
         <run_address>0x90f1</run_address>
         <size>0x12e</size>
         <input_file_ref idref="fl-20"/>
      </object_component>
      <object_component id="oc-63">
         <name>.debug_info</name>
         <load_address>0x921f</load_address>
         <run_address>0x921f</run_address>
         <size>0x14d</size>
         <input_file_ref idref="fl-21"/>
      </object_component>
      <object_component id="oc-7e">
         <name>.debug_info</name>
         <load_address>0x936c</load_address>
         <run_address>0x936c</run_address>
         <size>0x1bf</size>
         <input_file_ref idref="fl-22"/>
      </object_component>
      <object_component id="oc-32">
         <name>.debug_info</name>
         <load_address>0x952b</load_address>
         <run_address>0x952b</run_address>
         <size>0x1b6</size>
         <input_file_ref idref="fl-23"/>
      </object_component>
      <object_component id="oc-1a">
         <name>.debug_info</name>
         <load_address>0x96e1</load_address>
         <run_address>0x96e1</run_address>
         <size>0x1b7</size>
         <input_file_ref idref="fl-24"/>
      </object_component>
      <object_component id="oc-17">
         <name>.debug_info</name>
         <load_address>0x9898</load_address>
         <run_address>0x9898</run_address>
         <size>0x20c</size>
         <input_file_ref idref="fl-25"/>
      </object_component>
      <object_component id="oc-b3">
         <name>.debug_info</name>
         <load_address>0x9aa4</load_address>
         <run_address>0x9aa4</run_address>
         <size>0x19e</size>
         <input_file_ref idref="fl-26"/>
      </object_component>
      <object_component id="oc-6f">
         <name>.debug_info</name>
         <load_address>0x9c42</load_address>
         <run_address>0x9c42</run_address>
         <size>0x1a9</size>
         <input_file_ref idref="fl-26"/>
      </object_component>
      <object_component id="oc-b6">
         <name>.debug_info</name>
         <load_address>0x9deb</load_address>
         <run_address>0x9deb</run_address>
         <size>0x107</size>
         <input_file_ref idref="fl-27"/>
      </object_component>
      <object_component id="oc-19d">
         <name>.debug_info</name>
         <load_address>0x9ef2</load_address>
         <run_address>0x9ef2</run_address>
         <size>0x10b</size>
         <input_file_ref idref="fl-27"/>
      </object_component>
      <object_component id="oc-11a">
         <name>.debug_info</name>
         <load_address>0x9ffd</load_address>
         <run_address>0x9ffd</run_address>
         <size>0x203</size>
         <input_file_ref idref="fl-27"/>
      </object_component>
      <object_component id="oc-6a">
         <name>.debug_info</name>
         <load_address>0xa200</load_address>
         <run_address>0xa200</run_address>
         <size>0x15d</size>
         <input_file_ref idref="fl-28"/>
      </object_component>
      <object_component id="oc-2c">
         <name>.debug_info</name>
         <load_address>0xa35d</load_address>
         <run_address>0xa35d</run_address>
         <size>0x19b</size>
         <input_file_ref idref="fl-2b"/>
      </object_component>
      <object_component id="oc-be">
         <name>.debug_info</name>
         <load_address>0xa4f8</load_address>
         <run_address>0xa4f8</run_address>
         <size>0x147</size>
         <input_file_ref idref="fl-2c"/>
      </object_component>
      <object_component id="oc-28b">
         <name>.debug_info</name>
         <load_address>0xa63f</load_address>
         <run_address>0xa63f</run_address>
         <size>0xa2</size>
      </object_component>
      <object_component id="oc-198">
         <name>.debug_line</name>
         <load_address>0x0</load_address>
         <run_address>0x0</run_address>
         <size>0x3a</size>
         <input_file_ref idref="fl-2"/>
      </object_component>
      <object_component id="oc-ae">
         <name>.debug_line</name>
         <load_address>0x3a</load_address>
         <run_address>0x3a</run_address>
         <size>0x23c</size>
         <input_file_ref idref="fl-2"/>
      </object_component>
      <object_component id="oc-19a">
         <name>.debug_line</name>
         <load_address>0x276</load_address>
         <run_address>0x276</run_address>
         <size>0x135</size>
         <input_file_ref idref="fl-2"/>
      </object_component>
      <object_component id="oc-d8">
         <name>.debug_line</name>
         <load_address>0x3ab</load_address>
         <run_address>0x3ab</run_address>
         <size>0x283</size>
         <input_file_ref idref="fl-4"/>
      </object_component>
      <object_component id="oc-1c4">
         <name>.debug_line</name>
         <load_address>0x62e</load_address>
         <run_address>0x62e</run_address>
         <size>0x6a</size>
         <input_file_ref idref="fl-4"/>
      </object_component>
      <object_component id="oc-24">
         <name>.debug_line</name>
         <load_address>0x698</load_address>
         <run_address>0x698</run_address>
         <size>0x55</size>
         <input_file_ref idref="fl-5"/>
      </object_component>
      <object_component id="oc-40">
         <name>.debug_line</name>
         <load_address>0x6ed</load_address>
         <run_address>0x6ed</run_address>
         <size>0x5d</size>
         <input_file_ref idref="fl-5"/>
      </object_component>
      <object_component id="oc-173">
         <name>.debug_line</name>
         <load_address>0x74a</load_address>
         <run_address>0x74a</run_address>
         <size>0xb1</size>
         <input_file_ref idref="fl-e"/>
      </object_component>
      <object_component id="oc-f5">
         <name>.debug_line</name>
         <load_address>0x7fb</load_address>
         <run_address>0x7fb</run_address>
         <size>0xbb</size>
         <input_file_ref idref="fl-e"/>
      </object_component>
      <object_component id="oc-fc">
         <name>.debug_line</name>
         <load_address>0x8b6</load_address>
         <run_address>0x8b6</run_address>
         <size>0xca</size>
         <input_file_ref idref="fl-e"/>
      </object_component>
      <object_component id="oc-102">
         <name>.debug_line</name>
         <load_address>0x980</load_address>
         <run_address>0x980</run_address>
         <size>0xb8</size>
         <input_file_ref idref="fl-e"/>
      </object_component>
      <object_component id="oc-e6">
         <name>.debug_line</name>
         <load_address>0xa38</load_address>
         <run_address>0xa38</run_address>
         <size>0xb8</size>
         <input_file_ref idref="fl-e"/>
      </object_component>
      <object_component id="oc-14f">
         <name>.debug_line</name>
         <load_address>0xaf0</load_address>
         <run_address>0xaf0</run_address>
         <size>0xbc</size>
         <input_file_ref idref="fl-e"/>
      </object_component>
      <object_component id="oc-f0">
         <name>.debug_line</name>
         <load_address>0xbac</load_address>
         <run_address>0xbac</run_address>
         <size>0xb8</size>
         <input_file_ref idref="fl-e"/>
      </object_component>
      <object_component id="oc-1cf">
         <name>.debug_line</name>
         <load_address>0xc64</load_address>
         <run_address>0xc64</run_address>
         <size>0x116</size>
         <input_file_ref idref="fl-e"/>
      </object_component>
      <object_component id="oc-157">
         <name>.debug_line</name>
         <load_address>0xd7a</load_address>
         <run_address>0xd7a</run_address>
         <size>0xb6</size>
         <input_file_ref idref="fl-f"/>
      </object_component>
      <object_component id="oc-15f">
         <name>.debug_line</name>
         <load_address>0xe30</load_address>
         <run_address>0xe30</run_address>
         <size>0xbc</size>
         <input_file_ref idref="fl-f"/>
      </object_component>
      <object_component id="oc-16c">
         <name>.debug_line</name>
         <load_address>0xeec</load_address>
         <run_address>0xeec</run_address>
         <size>0xb4</size>
         <input_file_ref idref="fl-f"/>
      </object_component>
      <object_component id="oc-166">
         <name>.debug_line</name>
         <load_address>0xfa0</load_address>
         <run_address>0xfa0</run_address>
         <size>0xb4</size>
         <input_file_ref idref="fl-f"/>
      </object_component>
      <object_component id="oc-de">
         <name>.debug_line</name>
         <load_address>0x1054</load_address>
         <run_address>0x1054</run_address>
         <size>0xd1</size>
         <input_file_ref idref="fl-f"/>
      </object_component>
      <object_component id="oc-e3">
         <name>.debug_line</name>
         <load_address>0x1125</load_address>
         <run_address>0x1125</run_address>
         <size>0xca</size>
         <input_file_ref idref="fl-f"/>
      </object_component>
      <object_component id="oc-1c8">
         <name>.debug_line</name>
         <load_address>0x11ef</load_address>
         <run_address>0x11ef</run_address>
         <size>0x21</size>
         <input_file_ref idref="fl-f"/>
      </object_component>
      <object_component id="oc-17c">
         <name>.debug_line</name>
         <load_address>0x1210</load_address>
         <run_address>0x1210</run_address>
         <size>0xb0</size>
         <input_file_ref idref="fl-10"/>
      </object_component>
      <object_component id="oc-18a">
         <name>.debug_line</name>
         <load_address>0x12c0</load_address>
         <run_address>0x12c0</run_address>
         <size>0xb1</size>
         <input_file_ref idref="fl-10"/>
      </object_component>
      <object_component id="oc-186">
         <name>.debug_line</name>
         <load_address>0x1371</load_address>
         <run_address>0x1371</run_address>
         <size>0xb2</size>
         <input_file_ref idref="fl-10"/>
      </object_component>
      <object_component id="oc-194">
         <name>.debug_line</name>
         <load_address>0x1423</load_address>
         <run_address>0x1423</run_address>
         <size>0xb2</size>
         <input_file_ref idref="fl-10"/>
      </object_component>
      <object_component id="oc-107">
         <name>.debug_line</name>
         <load_address>0x14d5</load_address>
         <run_address>0x14d5</run_address>
         <size>0xb7</size>
         <input_file_ref idref="fl-10"/>
      </object_component>
      <object_component id="oc-10d">
         <name>.debug_line</name>
         <load_address>0x158c</load_address>
         <run_address>0x158c</run_address>
         <size>0xc0</size>
         <input_file_ref idref="fl-10"/>
      </object_component>
      <object_component id="oc-1d5">
         <name>.debug_line</name>
         <load_address>0x164c</load_address>
         <run_address>0x164c</run_address>
         <size>0x115</size>
         <input_file_ref idref="fl-10"/>
      </object_component>
      <object_component id="oc-1ec">
         <name>.debug_line</name>
         <load_address>0x1761</load_address>
         <run_address>0x1761</run_address>
         <size>0xb7</size>
         <input_file_ref idref="fl-11"/>
      </object_component>
      <object_component id="oc-1ae">
         <name>.debug_line</name>
         <load_address>0x1818</load_address>
         <run_address>0x1818</run_address>
         <size>0xb3</size>
         <input_file_ref idref="fl-11"/>
      </object_component>
      <object_component id="oc-241">
         <name>.debug_line</name>
         <load_address>0x18cb</load_address>
         <run_address>0x18cb</run_address>
         <size>0xb5</size>
         <input_file_ref idref="fl-11"/>
      </object_component>
      <object_component id="oc-24d">
         <name>.debug_line</name>
         <load_address>0x1980</load_address>
         <run_address>0x1980</run_address>
         <size>0xb0</size>
         <input_file_ref idref="fl-11"/>
      </object_component>
      <object_component id="oc-234">
         <name>.debug_line</name>
         <load_address>0x1a30</load_address>
         <run_address>0x1a30</run_address>
         <size>0xb3</size>
         <input_file_ref idref="fl-11"/>
      </object_component>
      <object_component id="oc-1fb">
         <name>.debug_line</name>
         <load_address>0x1ae3</load_address>
         <run_address>0x1ae3</run_address>
         <size>0xb3</size>
         <input_file_ref idref="fl-11"/>
      </object_component>
      <object_component id="oc-228">
         <name>.debug_line</name>
         <load_address>0x1b96</load_address>
         <run_address>0x1b96</run_address>
         <size>0xb3</size>
         <input_file_ref idref="fl-11"/>
      </object_component>
      <object_component id="oc-22e">
         <name>.debug_line</name>
         <load_address>0x1c49</load_address>
         <run_address>0x1c49</run_address>
         <size>0xb3</size>
         <input_file_ref idref="fl-11"/>
      </object_component>
      <object_component id="oc-201">
         <name>.debug_line</name>
         <load_address>0x1cfc</load_address>
         <run_address>0x1cfc</run_address>
         <size>0xb3</size>
         <input_file_ref idref="fl-11"/>
      </object_component>
      <object_component id="oc-20a">
         <name>.debug_line</name>
         <load_address>0x1daf</load_address>
         <run_address>0x1daf</run_address>
         <size>0xb3</size>
         <input_file_ref idref="fl-11"/>
      </object_component>
      <object_component id="oc-222">
         <name>.debug_line</name>
         <load_address>0x1e62</load_address>
         <run_address>0x1e62</run_address>
         <size>0xb9</size>
         <input_file_ref idref="fl-11"/>
      </object_component>
      <object_component id="oc-1ef">
         <name>.debug_line</name>
         <load_address>0x1f1b</load_address>
         <run_address>0x1f1b</run_address>
         <size>0xb3</size>
         <input_file_ref idref="fl-11"/>
      </object_component>
      <object_component id="oc-1f5">
         <name>.debug_line</name>
         <load_address>0x1fce</load_address>
         <run_address>0x1fce</run_address>
         <size>0xb3</size>
         <input_file_ref idref="fl-11"/>
      </object_component>
      <object_component id="oc-213">
         <name>.debug_line</name>
         <load_address>0x2081</load_address>
         <run_address>0x2081</run_address>
         <size>0xb3</size>
         <input_file_ref idref="fl-11"/>
      </object_component>
      <object_component id="oc-210">
         <name>.debug_line</name>
         <load_address>0x2134</load_address>
         <run_address>0x2134</run_address>
         <size>0xb3</size>
         <input_file_ref idref="fl-11"/>
      </object_component>
      <object_component id="oc-21c">
         <name>.debug_line</name>
         <load_address>0x21e7</load_address>
         <run_address>0x21e7</run_address>
         <size>0xbd</size>
         <input_file_ref idref="fl-11"/>
      </object_component>
      <object_component id="oc-23e">
         <name>.debug_line</name>
         <load_address>0x22a4</load_address>
         <run_address>0x22a4</run_address>
         <size>0xc6</size>
         <input_file_ref idref="fl-11"/>
      </object_component>
      <object_component id="oc-134">
         <name>.debug_line</name>
         <load_address>0x236a</load_address>
         <run_address>0x236a</run_address>
         <size>0xcd</size>
         <input_file_ref idref="fl-11"/>
      </object_component>
      <object_component id="oc-131">
         <name>.debug_line</name>
         <load_address>0x2437</load_address>
         <run_address>0x2437</run_address>
         <size>0x12a</size>
         <input_file_ref idref="fl-11"/>
      </object_component>
      <object_component id="oc-1df">
         <name>.debug_line</name>
         <load_address>0x2561</load_address>
         <run_address>0x2561</run_address>
         <size>0xc7</size>
         <input_file_ref idref="fl-11"/>
      </object_component>
      <object_component id="oc-1e2">
         <name>.debug_line</name>
         <load_address>0x2628</load_address>
         <run_address>0x2628</run_address>
         <size>0xc1</size>
         <input_file_ref idref="fl-11"/>
      </object_component>
      <object_component id="oc-1b1">
         <name>.debug_line</name>
         <load_address>0x26e9</load_address>
         <run_address>0x26e9</run_address>
         <size>0xcf</size>
         <input_file_ref idref="fl-11"/>
      </object_component>
      <object_component id="oc-146">
         <name>.debug_line</name>
         <load_address>0x27b8</load_address>
         <run_address>0x27b8</run_address>
         <size>0xba</size>
         <input_file_ref idref="fl-11"/>
      </object_component>
      <object_component id="oc-1ba">
         <name>.debug_line</name>
         <load_address>0x2872</load_address>
         <run_address>0x2872</run_address>
         <size>0x101</size>
         <input_file_ref idref="fl-11"/>
      </object_component>
      <object_component id="oc-238">
         <name>.debug_line</name>
         <load_address>0x2973</load_address>
         <run_address>0x2973</run_address>
         <size>0x118</size>
         <input_file_ref idref="fl-11"/>
      </object_component>
      <object_component id="oc-55">
         <name>.debug_line</name>
         <load_address>0x2a8b</load_address>
         <run_address>0x2a8b</run_address>
         <size>0x4f</size>
         <input_file_ref idref="fl-1d"/>
      </object_component>
      <object_component id="oc-140">
         <name>.debug_line</name>
         <load_address>0x2ada</load_address>
         <run_address>0x2ada</run_address>
         <size>0x61</size>
         <input_file_ref idref="fl-1e"/>
      </object_component>
      <object_component id="oc-13b">
         <name>.debug_line</name>
         <load_address>0x2b3b</load_address>
         <run_address>0x2b3b</run_address>
         <size>0x53</size>
         <input_file_ref idref="fl-20"/>
      </object_component>
      <object_component id="oc-65">
         <name>.debug_line</name>
         <load_address>0x2b8e</load_address>
         <run_address>0x2b8e</run_address>
         <size>0x3f</size>
         <input_file_ref idref="fl-21"/>
      </object_component>
      <object_component id="oc-bb">
         <name>.debug_line</name>
         <load_address>0x2bcd</load_address>
         <run_address>0x2bcd</run_address>
         <size>0x21</size>
         <input_file_ref idref="fl-21"/>
      </object_component>
      <object_component id="oc-7d">
         <name>.debug_line</name>
         <load_address>0x2bee</load_address>
         <run_address>0x2bee</run_address>
         <size>0x71</size>
         <input_file_ref idref="fl-22"/>
      </object_component>
      <object_component id="oc-128">
         <name>.debug_line</name>
         <load_address>0x2c5f</load_address>
         <run_address>0x2c5f</run_address>
         <size>0x21</size>
         <input_file_ref idref="fl-22"/>
      </object_component>
      <object_component id="oc-35">
         <name>.debug_line</name>
         <load_address>0x2c80</load_address>
         <run_address>0x2c80</run_address>
         <size>0x52</size>
         <input_file_ref idref="fl-23"/>
      </object_component>
      <object_component id="oc-5d">
         <name>.debug_line</name>
         <load_address>0x2cd2</load_address>
         <run_address>0x2cd2</run_address>
         <size>0x21</size>
         <input_file_ref idref="fl-23"/>
      </object_component>
      <object_component id="oc-1d">
         <name>.debug_line</name>
         <load_address>0x2cf3</load_address>
         <run_address>0x2cf3</run_address>
         <size>0x57</size>
         <input_file_ref idref="fl-24"/>
      </object_component>
      <object_component id="oc-48">
         <name>.debug_line</name>
         <load_address>0x2d4a</load_address>
         <run_address>0x2d4a</run_address>
         <size>0x21</size>
         <input_file_ref idref="fl-24"/>
      </object_component>
      <object_component id="oc-14">
         <name>.debug_line</name>
         <load_address>0x2d6b</load_address>
         <run_address>0x2d6b</run_address>
         <size>0x9a</size>
         <input_file_ref idref="fl-25"/>
      </object_component>
      <object_component id="oc-43">
         <name>.debug_line</name>
         <load_address>0x2e05</load_address>
         <run_address>0x2e05</run_address>
         <size>0x21</size>
         <input_file_ref idref="fl-25"/>
      </object_component>
      <object_component id="oc-118">
         <name>.debug_line</name>
         <load_address>0x2e26</load_address>
         <run_address>0x2e26</run_address>
         <size>0x2b</size>
         <input_file_ref idref="fl-26"/>
      </object_component>
      <object_component id="oc-72">
         <name>.debug_line</name>
         <load_address>0x2e51</load_address>
         <run_address>0x2e51</run_address>
         <size>0x66</size>
         <input_file_ref idref="fl-26"/>
      </object_component>
      <object_component id="oc-123">
         <name>.debug_line</name>
         <load_address>0x2eb7</load_address>
         <run_address>0x2eb7</run_address>
         <size>0x21</size>
         <input_file_ref idref="fl-26"/>
      </object_component>
      <object_component id="oc-120">
         <name>.debug_line</name>
         <load_address>0x2ed8</load_address>
         <run_address>0x2ed8</run_address>
         <size>0x2c</size>
         <input_file_ref idref="fl-27"/>
      </object_component>
      <object_component id="oc-1d9">
         <name>.debug_line</name>
         <load_address>0x2f04</load_address>
         <run_address>0x2f04</run_address>
         <size>0x2c</size>
         <input_file_ref idref="fl-27"/>
      </object_component>
      <object_component id="oc-11d">
         <name>.debug_line</name>
         <load_address>0x2f30</load_address>
         <run_address>0x2f30</run_address>
         <size>0x5f</size>
         <input_file_ref idref="fl-27"/>
      </object_component>
      <object_component id="oc-1a1">
         <name>.debug_line</name>
         <load_address>0x2f8f</load_address>
         <run_address>0x2f8f</run_address>
         <size>0x21</size>
         <input_file_ref idref="fl-27"/>
      </object_component>
      <object_component id="oc-6d">
         <name>.debug_line</name>
         <load_address>0x2fb0</load_address>
         <run_address>0x2fb0</run_address>
         <size>0x4e</size>
         <input_file_ref idref="fl-28"/>
      </object_component>
      <object_component id="oc-115">
         <name>.debug_line</name>
         <load_address>0x2ffe</load_address>
         <run_address>0x2ffe</run_address>
         <size>0x30</size>
         <input_file_ref idref="fl-28"/>
      </object_component>
      <object_component id="oc-29">
         <name>.debug_line</name>
         <load_address>0x302e</load_address>
         <run_address>0x302e</run_address>
         <size>0x63</size>
         <input_file_ref idref="fl-2b"/>
      </object_component>
      <object_component id="oc-5a">
         <name>.debug_line</name>
         <load_address>0x3091</load_address>
         <run_address>0x3091</run_address>
         <size>0x21</size>
         <input_file_ref idref="fl-2b"/>
      </object_component>
      <object_component id="oc-c2">
         <name>.debug_line</name>
         <load_address>0x30b2</load_address>
         <run_address>0x30b2</run_address>
         <size>0x3b</size>
         <input_file_ref idref="fl-2c"/>
      </object_component>
      <object_component id="oc-1a4">
         <name>.debug_line</name>
         <load_address>0x30ed</load_address>
         <run_address>0x30ed</run_address>
         <size>0x21</size>
         <input_file_ref idref="fl-2c"/>
      </object_component>
      <object_component id="oc-af">
         <name>.debug_frame</name>
         <load_address>0x0</load_address>
         <run_address>0x0</run_address>
         <size>0x158</size>
         <input_file_ref idref="fl-2"/>
      </object_component>
      <object_component id="oc-d4">
         <name>.debug_frame</name>
         <load_address>0x158</load_address>
         <run_address>0x158</run_address>
         <size>0x12c</size>
         <input_file_ref idref="fl-4"/>
      </object_component>
      <object_component id="oc-172">
         <name>.debug_frame</name>
         <load_address>0x284</load_address>
         <run_address>0x284</run_address>
         <size>0x44</size>
         <input_file_ref idref="fl-e"/>
      </object_component>
      <object_component id="oc-f6">
         <name>.debug_frame</name>
         <load_address>0x2c8</load_address>
         <run_address>0x2c8</run_address>
         <size>0x44</size>
         <input_file_ref idref="fl-e"/>
      </object_component>
      <object_component id="oc-fb">
         <name>.debug_frame</name>
         <load_address>0x30c</load_address>
         <run_address>0x30c</run_address>
         <size>0x44</size>
         <input_file_ref idref="fl-e"/>
      </object_component>
      <object_component id="oc-101">
         <name>.debug_frame</name>
         <load_address>0x350</load_address>
         <run_address>0x350</run_address>
         <size>0x44</size>
         <input_file_ref idref="fl-e"/>
      </object_component>
      <object_component id="oc-e7">
         <name>.debug_frame</name>
         <load_address>0x394</load_address>
         <run_address>0x394</run_address>
         <size>0x44</size>
         <input_file_ref idref="fl-e"/>
      </object_component>
      <object_component id="oc-150">
         <name>.debug_frame</name>
         <load_address>0x3d8</load_address>
         <run_address>0x3d8</run_address>
         <size>0x44</size>
         <input_file_ref idref="fl-e"/>
      </object_component>
      <object_component id="oc-ec">
         <name>.debug_frame</name>
         <load_address>0x41c</load_address>
         <run_address>0x41c</run_address>
         <size>0x44</size>
         <input_file_ref idref="fl-e"/>
      </object_component>
      <object_component id="oc-158">
         <name>.debug_frame</name>
         <load_address>0x460</load_address>
         <run_address>0x460</run_address>
         <size>0x40</size>
         <input_file_ref idref="fl-f"/>
      </object_component>
      <object_component id="oc-160">
         <name>.debug_frame</name>
         <load_address>0x4a0</load_address>
         <run_address>0x4a0</run_address>
         <size>0x40</size>
         <input_file_ref idref="fl-f"/>
      </object_component>
      <object_component id="oc-16b">
         <name>.debug_frame</name>
         <load_address>0x4e0</load_address>
         <run_address>0x4e0</run_address>
         <size>0x40</size>
         <input_file_ref idref="fl-f"/>
      </object_component>
      <object_component id="oc-165">
         <name>.debug_frame</name>
         <load_address>0x520</load_address>
         <run_address>0x520</run_address>
         <size>0x40</size>
         <input_file_ref idref="fl-f"/>
      </object_component>
      <object_component id="oc-db">
         <name>.debug_frame</name>
         <load_address>0x560</load_address>
         <run_address>0x560</run_address>
         <size>0x40</size>
         <input_file_ref idref="fl-f"/>
      </object_component>
      <object_component id="oc-e4">
         <name>.debug_frame</name>
         <load_address>0x5a0</load_address>
         <run_address>0x5a0</run_address>
         <size>0x44</size>
         <input_file_ref idref="fl-f"/>
      </object_component>
      <object_component id="oc-17d">
         <name>.debug_frame</name>
         <load_address>0x5e4</load_address>
         <run_address>0x5e4</run_address>
         <size>0x44</size>
         <input_file_ref idref="fl-10"/>
      </object_component>
      <object_component id="oc-189">
         <name>.debug_frame</name>
         <load_address>0x628</load_address>
         <run_address>0x628</run_address>
         <size>0x44</size>
         <input_file_ref idref="fl-10"/>
      </object_component>
      <object_component id="oc-187">
         <name>.debug_frame</name>
         <load_address>0x66c</load_address>
         <run_address>0x66c</run_address>
         <size>0x44</size>
         <input_file_ref idref="fl-10"/>
      </object_component>
      <object_component id="oc-195">
         <name>.debug_frame</name>
         <load_address>0x6b0</load_address>
         <run_address>0x6b0</run_address>
         <size>0x44</size>
         <input_file_ref idref="fl-10"/>
      </object_component>
      <object_component id="oc-108">
         <name>.debug_frame</name>
         <load_address>0x6f4</load_address>
         <run_address>0x6f4</run_address>
         <size>0x44</size>
         <input_file_ref idref="fl-10"/>
      </object_component>
      <object_component id="oc-10e">
         <name>.debug_frame</name>
         <load_address>0x738</load_address>
         <run_address>0x738</run_address>
         <size>0x44</size>
         <input_file_ref idref="fl-10"/>
      </object_component>
      <object_component id="oc-1ed">
         <name>.debug_frame</name>
         <load_address>0x77c</load_address>
         <run_address>0x77c</run_address>
         <size>0x44</size>
         <input_file_ref idref="fl-11"/>
      </object_component>
      <object_component id="oc-1af">
         <name>.debug_frame</name>
         <load_address>0x7c0</load_address>
         <run_address>0x7c0</run_address>
         <size>0x40</size>
         <input_file_ref idref="fl-11"/>
      </object_component>
      <object_component id="oc-245">
         <name>.debug_frame</name>
         <load_address>0x800</load_address>
         <run_address>0x800</run_address>
         <size>0x40</size>
         <input_file_ref idref="fl-11"/>
      </object_component>
      <object_component id="oc-24e">
         <name>.debug_frame</name>
         <load_address>0x840</load_address>
         <run_address>0x840</run_address>
         <size>0x44</size>
         <input_file_ref idref="fl-11"/>
      </object_component>
      <object_component id="oc-235">
         <name>.debug_frame</name>
         <load_address>0x884</load_address>
         <run_address>0x884</run_address>
         <size>0x44</size>
         <input_file_ref idref="fl-11"/>
      </object_component>
      <object_component id="oc-1ff">
         <name>.debug_frame</name>
         <load_address>0x8c8</load_address>
         <run_address>0x8c8</run_address>
         <size>0x44</size>
         <input_file_ref idref="fl-11"/>
      </object_component>
      <object_component id="oc-229">
         <name>.debug_frame</name>
         <load_address>0x90c</load_address>
         <run_address>0x90c</run_address>
         <size>0x44</size>
         <input_file_ref idref="fl-11"/>
      </object_component>
      <object_component id="oc-22f">
         <name>.debug_frame</name>
         <load_address>0x950</load_address>
         <run_address>0x950</run_address>
         <size>0x44</size>
         <input_file_ref idref="fl-11"/>
      </object_component>
      <object_component id="oc-205">
         <name>.debug_frame</name>
         <load_address>0x994</load_address>
         <run_address>0x994</run_address>
         <size>0x44</size>
         <input_file_ref idref="fl-11"/>
      </object_component>
      <object_component id="oc-20b">
         <name>.debug_frame</name>
         <load_address>0x9d8</load_address>
         <run_address>0x9d8</run_address>
         <size>0x44</size>
         <input_file_ref idref="fl-11"/>
      </object_component>
      <object_component id="oc-223">
         <name>.debug_frame</name>
         <load_address>0xa1c</load_address>
         <run_address>0xa1c</run_address>
         <size>0x44</size>
         <input_file_ref idref="fl-11"/>
      </object_component>
      <object_component id="oc-1f3">
         <name>.debug_frame</name>
         <load_address>0xa60</load_address>
         <run_address>0xa60</run_address>
         <size>0x44</size>
         <input_file_ref idref="fl-11"/>
      </object_component>
      <object_component id="oc-1f9">
         <name>.debug_frame</name>
         <load_address>0xaa4</load_address>
         <run_address>0xaa4</run_address>
         <size>0x44</size>
         <input_file_ref idref="fl-11"/>
      </object_component>
      <object_component id="oc-217">
         <name>.debug_frame</name>
         <load_address>0xae8</load_address>
         <run_address>0xae8</run_address>
         <size>0x44</size>
         <input_file_ref idref="fl-11"/>
      </object_component>
      <object_component id="oc-211">
         <name>.debug_frame</name>
         <load_address>0xb2c</load_address>
         <run_address>0xb2c</run_address>
         <size>0x44</size>
         <input_file_ref idref="fl-11"/>
      </object_component>
      <object_component id="oc-21d">
         <name>.debug_frame</name>
         <load_address>0xb70</load_address>
         <run_address>0xb70</run_address>
         <size>0x44</size>
         <input_file_ref idref="fl-11"/>
      </object_component>
      <object_component id="oc-23f">
         <name>.debug_frame</name>
         <load_address>0xbb4</load_address>
         <run_address>0xbb4</run_address>
         <size>0x44</size>
         <input_file_ref idref="fl-11"/>
      </object_component>
      <object_component id="oc-138">
         <name>.debug_frame</name>
         <load_address>0xbf8</load_address>
         <run_address>0xbf8</run_address>
         <size>0x44</size>
         <input_file_ref idref="fl-11"/>
      </object_component>
      <object_component id="oc-132">
         <name>.debug_frame</name>
         <load_address>0xc3c</load_address>
         <run_address>0xc3c</run_address>
         <size>0x44</size>
         <input_file_ref idref="fl-11"/>
      </object_component>
      <object_component id="oc-1e0">
         <name>.debug_frame</name>
         <load_address>0xc80</load_address>
         <run_address>0xc80</run_address>
         <size>0x40</size>
         <input_file_ref idref="fl-11"/>
      </object_component>
      <object_component id="oc-1e6">
         <name>.debug_frame</name>
         <load_address>0xcc0</load_address>
         <run_address>0xcc0</run_address>
         <size>0x40</size>
         <input_file_ref idref="fl-11"/>
      </object_component>
      <object_component id="oc-1b5">
         <name>.debug_frame</name>
         <load_address>0xd00</load_address>
         <run_address>0xd00</run_address>
         <size>0x44</size>
         <input_file_ref idref="fl-11"/>
      </object_component>
      <object_component id="oc-14a">
         <name>.debug_frame</name>
         <load_address>0xd44</load_address>
         <run_address>0xd44</run_address>
         <size>0x44</size>
         <input_file_ref idref="fl-11"/>
      </object_component>
      <object_component id="oc-1bb">
         <name>.debug_frame</name>
         <load_address>0xd88</load_address>
         <run_address>0xd88</run_address>
         <size>0x44</size>
         <input_file_ref idref="fl-11"/>
      </object_component>
      <object_component id="oc-66">
         <name>.debug_frame</name>
         <load_address>0xdcc</load_address>
         <run_address>0xdcc</run_address>
         <size>0x40</size>
         <input_file_ref idref="fl-21"/>
      </object_component>
      <object_component id="oc-7b">
         <name>.debug_frame</name>
         <load_address>0xe0c</load_address>
         <run_address>0xe0c</run_address>
         <size>0x58</size>
         <input_file_ref idref="fl-22"/>
      </object_component>
      <object_component id="oc-31">
         <name>.debug_frame</name>
         <load_address>0xe64</load_address>
         <run_address>0xe64</run_address>
         <size>0x40</size>
         <input_file_ref idref="fl-23"/>
      </object_component>
      <object_component id="oc-1e">
         <name>.debug_frame</name>
         <load_address>0xea4</load_address>
         <run_address>0xea4</run_address>
         <size>0x40</size>
         <input_file_ref idref="fl-24"/>
      </object_component>
      <object_component id="oc-16">
         <name>.debug_frame</name>
         <load_address>0xee4</load_address>
         <run_address>0xee4</run_address>
         <size>0x48</size>
         <input_file_ref idref="fl-25"/>
      </object_component>
      <object_component id="oc-73">
         <name>.debug_frame</name>
         <load_address>0xf2c</load_address>
         <run_address>0xf2c</run_address>
         <size>0x60</size>
         <input_file_ref idref="fl-26"/>
      </object_component>
      <object_component id="oc-11e">
         <name>.debug_frame</name>
         <load_address>0xf8c</load_address>
         <run_address>0xf8c</run_address>
         <size>0x70</size>
         <input_file_ref idref="fl-27"/>
      </object_component>
      <object_component id="oc-69">
         <name>.debug_frame</name>
         <load_address>0xffc</load_address>
[...]
         <length>0x1000</length>
         <used_space>0x0</used_space>
         <unused_space>0x1000</unused_space>
         <attributes>RWIX</attributes>
         <usage_details>
         </usage_details>
      </memory_area>
      <memory_area display="yes" color="green">
         <name>FLASH_BANK1_SEC4</name>
         <page_id>0x0</page_id>
         <origin>0x94000</origin>
         <length>0x1000</length>
         <used_space>0x0</used_space>
         <unused_space>0x1000</unused_space>
         <attributes>RWIX</attributes>
         <usage_details>
         </usage_details>
      </memory_area>
      <memory_area display="yes" color="green">
         <name>FLASH_BANK1_SEC5</name>
         <page_id>0x0</page_id>
         <origin>0x95000</origin>
         <length>0x1000</length>
         <used_space>0x0</used_space>
         <unused_space>0x1000</unused_space>
         <attributes>RWIX</attributes>
         <usage_details>
         </usage_details>
      </memory_area>
      <memory_area display="yes" color="green">
         <name>FLASH_BANK1_SEC6</name>
         <page_id>0x0</page_id>
         <origin>0x96000</origin>
         <length>0x1000</length>
         <used_space>0x0</used_space>
         <unused_space>0x1000</unused_space>
         <attributes>RWIX</attributes>
         <usage_details>
         </usage_details>
      </memory_area>
      <memory_area display="yes" color="green">
         <name>FLASH_BANK1_SEC7</name>
         <page_id>0x0</page_id>
         <origin>0x97000</origin>
         <length>0x1000</length>
         <used_space>0x0</used_space>
         <unused_space>0x1000</unused_space>
         <attributes>RWIX</attributes>
         <usage_details>
         </usage_details>
      </memory_area>
      <memory_area display="yes" color="green">
         <name>FLASH_BANK1_SEC8</name>
         <page_id>0x0</page_id>
         <origin>0x98000</origin>
         <length>0x1000</length>
         <used_space>0x0</used_space>
         <unused_space>0x1000</unused_space>
         <attributes>RWIX</attributes>
         <usage_details>
         </usage_details>
      </memory_area>
      <memory_area display="yes" color="green">
         <name>FLASH_BANK1_SEC9</name>
         <page_id>0x0</page_id>
         <origin>0x99000</origin>
         <length>0x1000</length>
         <used_space>0x0</used_space>
         <unused_space>0x1000</unused_space>
         <attributes>RWIX</attributes>
         <usage_details>
         </usage_details>
      </memory_area>
      <memory_area display="yes" color="green">
         <name>FLASH_BANK1_SEC10</name>
         <page_id>0x0</page_id>
         <origin>0x9a000</origin>
         <length>0x1000</length>
         <used_space>0x0</used_space>
         <unused_space>0x1000</unused_space>
         <attributes>RWIX</attributes>
         <usage_details>
         </usage_details>
      </memory_area>
      <memory_area display="yes" color="green">
         <name>FLASH_BANK1_SEC11</name>
         <page_id>0x0</page_id>
         <origin>0x9b000</origin>
         <length>0x1000</length>
         <used_space>0x0</used_space>
         <unused_space>0x1000</unused_space>
         <attributes>RWIX</attributes>
         <usage_details>
         </usage_details>
      </memory_area>
      <memory_area display="yes" color="green">
         <name>FLASH_BANK1_SEC12</name>
         <page_id>0x0</page_id>
         <origin>0x9c000</origin>
         <length>0x1000</length>
         <used_space>0x0</used_space>
         <unused_space>0x1000</unused_space>
         <attributes>RWIX</attributes>
         <usage_details>
         </usage_details>
      </memory_area>
      <memory_area display="yes" color="green">
         <name>FLASH_BANK1_SEC13</name>
         <page_id>0x0</page_id>
         <origin>0x9d000</origin>
         <length>0x1000</length>
         <used_space>0x0</used_space>
         <unused_space>0x1000</unused_space>
         <attributes>RWIX</attributes>
         <usage_details>
         </usage_details>
      </memory_area>
      <memory_area display="yes" color="green">
         <name>FLASH_BANK1_SEC14</name>
         <page_id>0x0</page_id>
         <origin>0x9e000</origin>
         <length>0x1000</length>
         <used_space>0x0</used_space>
         <unused_space>0x1000</unused_space>
         <attributes>RWIX</attributes>
         <usage_details>
         </usage_details>
      </memory_area>
      <memory_area display="yes" color="green">
         <name>FLASH_BANK1_SEC15</name>
         <page_id>0x0</page_id>
         <origin>0x9f000</origin>
         <length>0x1000</length>
         <used_space>0x0</used_space>
         <unused_space>0x1000</unused_space>
         <attributes>RWIX</attributes>
         <usage_details>
         </usage_details>
      </memory_area>
      <memory_area display="no" color="green">
         <name>RESET</name>
         <page_id>0x0</page_id>
         <origin>0x3fffc0</origin>
         <length>0x2</length>
         <used_space>0x0</used_space>
         <unused_space>0x2</unused_space>
         <attributes>RWIX</attributes>
         <usage_details>
         </usage_details>
      </memory_area>
      <memory_area display="yes" color="green">
         <name>BOOT_RSVD</name>
         <page_id>0x1</page_id>
         <origin>0x2</origin>
         <length>0xf1</length>
         <used_space>0x0</used_space>
         <unused_space>0xf1</unused_space>
         <attributes>RWIX</attributes>
         <usage_details>
         </usage_details>
      </memory_area>
      <memory_area display="yes" color="green">
         <name>RAMM1</name>
         <page_id>0x1</page_id>
         <origin>0x400</origin>
         <length>0x3f8</length>
         <used_space>0x100</used_space>
         <unused_space>0x2f8</unused_space>
         <attributes>RWIX</attributes>
         <usage_details>
            <allocated_space>
               <start_address>0x400</start_address>
               <size>0x100</size>
               <logical_group_ref idref="lg-8"/>
            </allocated_space>
            <available_space>
               <start_address>0x500</start_address>
               <size>0x2f8</size>
            </available_space>
         </usage_details>
      </memory_area>
      <memory_area display="yes" color="green">
         <name>RAMLS5</name>
         <page_id>0x1</page_id>
         <origin>0xa800</origin>
         <length>0x800</length>
         <used_space>0x33a</used_space>
         <unused_space>0x4c6</unused_space>
         <attributes>RWIX</attributes>
         <usage_details>
            <allocated_space>
               <start_address>0xa800</start_address>
               <size>0x32c</size>
               <logical_group_ref idref="lg-c"/>
            </allocated_space>
            <allocated_space>
               <start_address>0xab2c</start_address>
               <size>0xa</size>
               <logical_group_ref idref="lg-d"/>
            </allocated_space>
            <allocated_space>
               <start_address>0xab36</start_address>
               <size>0x4</size>
               <logical_group_ref idref="lg-9"/>
            </allocated_space>
            <available_space>
               <start_address>0xab3a</start_address>
               <size>0x4c6</size>
            </available_space>
         </usage_details>
      </memory_area>
      <memory_area display="yes" color="green">
         <name>RAMLS6</name>
         <page_id>0x1</page_id>
         <origin>0xb000</origin>
         <length>0x800</length>
         <used_space>0x0</used_space>
         <unused_space>0x800</unused_space>
         <attributes>RWIX</attributes>
         <usage_details>
         </usage_details>
      </memory_area>
      <memory_area display="yes" color="green">
         <name>RAMLS7</name>
         <page_id>0x1</page_id>
         <origin>0xb800</origin>
         <length>0x800</length>
         <used_space>0x0</used_space>
         <unused_space>0x800</unused_space>
         <attributes>RWIX</attributes>
         <usage_details>
         </usage_details>
      </memory_area>
      <memory_area display="yes" color="green">
         <name>RAMGS0</name>
         <page_id>0x1</page_id>
         <origin>0xc000</origin>
         <length>0x2000</length>
         <used_space>0x0</used_space>
         <unused_space>0x2000</unused_space>
         <attributes>RWIX</attributes>
         <usage_details>
         </usage_details>
      </memory_area>
      <memory_area display="yes" color="green">
         <name>RAMGS1</name>
         <page_id>0x1</page_id>
         <origin>0xe000</origin>
         <length>0x2000</length>
         <used_space>0x0</used_space>
         <unused_space>0x2000</unused_space>
         <attributes>RWIX</attributes>
         <usage_details>
         </usage_details>
      </memory_area>
      <memory_area display="yes" color="green">
         <name>RAMGS2</name>
         <page_id>0x1</page_id>
         <origin>0x10000</origin>
         <length>0x2000</length>
         <used_space>0x0</used_space>
         <unused_space>0x2000</unused_space>
         <attributes>RWIX</attributes>
         <usage_details>
         </usage_details>
      </memory_area>
      <memory_area display="yes" color="green">
         <name>RAMGS3</name>
         <page_id>0x1</page_id>
         <origin>0x12000</origin>
         <length>0x1ff8</length>
         <used_space>0x0</used_space>
         <unused_space>0x1ff8</unused_space>
         <attributes>RWIX</attributes>
         <usage_details>
         </usage_details>
      </memory_area>
   </placement_map>
   <cptbl_list>
      <cptbl>
         <name>__TI_cinit_table</name>
         <cprec>
            <name>.data</name>
            <load_address>0xf8</load_address>
            <load_size>0x8</load_size>
            <run_address>0xab2c</run_address>
            <run_size>0xa</run_size>
            <compression>lzss</compression>
         </cprec>
         <cprec>
            <name>.bss</name>
            <load_address>0x106</load_address>
            <load_size>0x4</load_size>
            <run_address>0xab36</run_address>
            <run_size>0x4</run_size>
            <compression>zero_init</compression>
         </cprec>
      </cptbl>
   </cptbl_list>
   <handler_table>
      <handler_table_name>__TI_handler_table</handler_table_name>
      <handler>
         <index>0x0</index>
         <name>__TI_zero_init</name>
      </handler>
      <handler>
         <index>0x1</index>
         <name>__TI_decompress_lzss</name>
      </handler>
      <handler>
         <index>0x2</index>
         <name>__TI_decompress_none</name>
      </handler>
   </handler_table>
   <symbol_table>
      <symbol id="sm-1">
         <name>__TI_CINIT_Base</name>
         <value>0x10c</value>
      </symbol>
      <symbol id="sm-2">
         <name>__TI_CINIT_Limit</name>
         <value>0x114</value>
      </symbol>
      <symbol id="sm-3">
         <name>__TI_Handler_Table_Base</name>
         <value>0x100</value>
      </symbol>
      <symbol id="sm-4">
         <name>__TI_Handler_Table_Limit</name>
         <value>0x106</value>
      </symbol>
      <symbol id="sm-5">
         <name>__TI_STACK_SIZE</name>
         <value>0x100</value>
      </symbol>
      <symbol id="sm-6">
         <name>__TI_STACK_END</name>
         <value>0x500</value>
      </symbol>
      <symbol id="sm-7">
         <name>__TI_pprof_out_hndl</name>
         <value>0xffffffff</value>
      </symbol>
      <symbol id="sm-8">
         <name>__TI_prof_data_start</name>
         <value>0xffffffff</value>
      </symbol>
      <symbol id="sm-9">
         <name>__TI_prof_data_size</name>
         <value>0xffffffff</value>
      </symbol>
      <symbol id="sm-54">
         <name>receivedChar</name>
         <value>0xab39</value>
         <object_component_ref idref="oc-10f"/>
      </symbol>
      <symbol id="sm-55">
         <name>sendChar</name>
         <value>0xab38</value>
         <object_component_ref idref="oc-10f"/>
      </symbol>
      <symbol id="sm-56">
         <name>errorCount</name>
         <value>0xab37</value>
         <object_component_ref idref="oc-10f"/>
      </symbol>
      <symbol id="sm-57">
         <name>main</name>
         <value>0x8295</value>
         <object_component_ref idref="oc-aa"/>
      </symbol>
      <symbol id="sm-58">
         <name>loopCount</name>
         <value>0xab36</value>
         <object_component_ref idref="oc-10f"/>
      </symbol>
      <symbol id="sm-73">
         <name>Device_enableAllPeripherals</name>
         <value>0x80c1</value>
         <object_component_ref idref="oc-d3"/>
      </symbol>
      <symbol id="sm-74">
         <name>Device_initGPIO</name>
         <value>0x819e</value>
         <object_component_ref idref="oc-d3"/>
      </symbol>
      <symbol id="sm-75">
         <name>Device_init</name>
         <value>0x8065</value>
         <object_component_ref idref="oc-d3"/>
      </symbol>
      <symbol id="sm-76">
         <name>__error__</name>
         <value>0x81ae</value>
         <object_component_ref idref="oc-d3"/>
      </symbol>
      <symbol id="sm-85">
         <name>code_start</name>
         <value>0x0</value>
         <object_component_ref idref="oc-20"/>
      </symbol>
      <symbol id="sm-d3">
         <name>GPIO_setQualificationMode</name>
         <value>0x8738</value>
         <object_component_ref idref="oc-fd"/>
      </symbol>
      <symbol id="sm-d4">
         <name>GPIO_setPadConfig</name>
         <value>0x8561</value>
         <object_component_ref idref="oc-f7"/>
      </symbol>
      <symbol id="sm-d5">
         <name>GPIO_setAnalogMode</name>
         <value>0x86c5</value>
         <object_component_ref idref="oc-14b"/>
      </symbol>
      <symbol id="sm-d6">
         <name>GPIO_setDirectionMode</name>
         <value>0x87a7</value>
         <object_component_ref idref="oc-f1"/>
      </symbol>
      <symbol id="sm-d7">
         <name>GPIO_setPinConfig</name>
         <value>0x8770</value>
         <object_component_ref idref="oc-eb"/>
      </symbol>
      <symbol id="sm-d8">
         <name>GPIO_setMasterCore</name>
         <value>0x8700</value>
         <object_component_ref idref="oc-e5"/>
      </symbol>
      <symbol id="sm-115">
         <name>Interrupt_initModule</name>
         <value>0x8688</value>
         <object_component_ref idref="oc-d9"/>
      </symbol>
      <symbol id="sm-116">
         <name>Interrupt_initVectorTable</name>
         <value>0x88f8</value>
         <object_component_ref idref="oc-df"/>
      </symbol>
      <symbol id="sm-15a">
         <name>SCI_clearInterruptStatus</name>
         <value>0x8604</value>
         <object_component_ref idref="oc-109"/>
      </symbol>
      <symbol id="sm-15b">
         <name>SCI_setConfig</name>
         <value>0x864a</value>
         <object_component_ref idref="oc-103"/>
      </symbol>
      <symbol id="sm-26d">
         <name>SysCtl_isPLLValid</name>
         <value>0x83da</value>
         <object_component_ref idref="oc-1b6"/>
      </symbol>
      <symbol id="sm-26e">
         <name>SysCtl_delay</name>
         <value>0xf4</value>
         <object_component_ref idref="oc-12c"/>
      </symbol>
      <symbol id="sm-26f">
         <name>SysCtl_selectXTALSingleEnded</name>
         <value>0x898b</value>
         <object_component_ref idref="oc-1e1"/>
      </symbol>
      <symbol id="sm-270">
         <name>SysCtl_selectXTAL</name>
         <value>0x88d4</value>
         <object_component_ref idref="oc-1db"/>
      </symbol>
      <symbol id="sm-271">
         <name>SysCtl_selectOscSource</name>
         <value>0x8506</value>
         <object_component_ref idref="oc-1b0"/>
      </symbol>
      <symbol id="sm-272">
         <name>SysCtl_getLowSpeedClock</name>
         <value>0x8971</value>
         <object_component_ref idref="oc-145"/>
      </symbol>
      <symbol id="sm-273">
         <name>SysCtl_setClock</name>
         <value>0x8324</value>
         <object_component_ref idref="oc-12d"/>
      </symbol>
      <symbol id="sm-274">
         <name>SysCtl_getClock</name>
         <value>0x85b3</value>
         <object_component_ref idref="oc-133"/>
      </symbol>
      <symbol id="sm-27e">
         <name>_c_int00</name>
         <value>0x8a1c</value>
         <object_component_ref idref="oc-53"/>
      </symbol>
      <symbol id="sm-27f">
         <name>__stack</name>
         <value>0x400</value>
         <object_component_ref idref="oc-25"/>
      </symbol>
      <symbol id="sm-28b">
         <name>__c28xabi_cmpd</name>
         <value>0x885c</value>
         <object_component_ref idref="oc-13f"/>
      </symbol>
      <symbol id="sm-299">
         <name>__c28xabi_ultod</name>
         <value>0x8a8b</value>
         <object_component_ref idref="oc-139"/>
      </symbol>
      <symbol id="sm-2a6">
         <name>_system_pre_init</name>
         <value>0x8b77</value>
         <object_component_ref idref="oc-61"/>
      </symbol>
      <symbol id="sm-2b5">
         <name>__TI_auto_init_nobinit_nopinit</name>
         <value>0x8831</value>
         <object_component_ref idref="oc-7a"/>
      </symbol>
      <symbol id="sm-2c4">
         <name>__TI_zero_init_nomemset</name>
         <value>0x8b31</value>
         <object_component_ref idref="oc-30"/>
      </symbol>
      <symbol id="sm-2d1">
         <name>__TI_decompress_none</name>
         <value>0x8b5e</value>
         <object_component_ref idref="oc-19"/>
      </symbol>
      <symbol id="sm-2e5">
         <name>__TI_decompress_lzss</name>
         <value>0x8800</value>
         <object_component_ref idref="oc-13"/>
      </symbol>
      <symbol id="sm-2fb">
         <name>C$$EXIT</name>
         <value>0x8886</value>
         <object_component_ref idref="oc-6e"/>
      </symbol>
      <symbol id="sm-2fc">
         <name>abort</name>
         <value>0x8886</value>
         <object_component_ref idref="oc-6e"/>
      </symbol>
      <symbol id="sm-2fd">
         <name>exit</name>
         <value>0x8888</value>
         <object_component_ref idref="oc-6e"/>
      </symbol>
      <symbol id="sm-2fe">
         <name>__TI_dtors_ptr</name>
         <value>0xab30</value>
         <object_component_ref idref="oc-b2"/>
      </symbol>
      <symbol id="sm-2ff">
         <name>__TI_cleanup_ptr</name>
         <value>0xab2e</value>
         <object_component_ref idref="oc-b2"/>
      </symbol>
      <symbol id="sm-300">
         <name>__TI_enable_exit_profile_output</name>
         <value>0xab2c</value>
         <object_component_ref idref="oc-b2"/>
      </symbol>
      <symbol id="sm-317">
         <name>_nop</name>
         <value>0x8b5d</value>
         <object_component_ref idref="oc-119"/>
      </symbol>
      <symbol id="sm-318">
         <name>_lock</name>
         <value>0xab32</value>
         <object_component_ref idref="oc-b5"/>
      </symbol>
      <symbol id="sm-319">
         <name>_unlock</name>
         <value>0xab34</value>
         <object_component_ref idref="oc-19c"/>
      </symbol>
      <symbol id="sm-31a">
         <name>_register_lock</name>
         <value>0x8b59</value>
         <object_component_ref idref="oc-119"/>
      </symbol>
      <symbol id="sm-31b">
         <name>_register_unlock</name>
         <value>0x8b55</value>
         <object_component_ref idref="oc-119"/>
      </symbol>
      <symbol id="sm-32a">
         <name>_args_main</name>
         <value>0x8b3e</value>
         <object_component_ref idref="oc-68"/>
      </symbol>
      <symbol id="sm-33e">
         <name>memcpy</name>
         <value>0x8954</value>
         <object_component_ref idref="oc-28"/>
      </symbol>
      <symbol id="sm-34b">
         <name>_system_post_cinit</name>
         <value>0x8b79</value>
         <object_component_ref idref="oc-bd"/>
      </symbol>
      <symbol id="sm-34d">
         <name>__c_args__</name>
         <value>0x0</value>
      </symbol>
   </symbol_table>
   <title>Link successful</title>
</link_info>
